// Jest Snapshot v1, https://goo.gl/fbAQLP

exports[`loveButton Component should render the loveButton 1`] = `
Object {
  "asFragment": [Function],
  "baseElement": <body>
    <div>
      <span
        class="justify-content__start"
      >
        <div
          class="article--reaction__love"
        >
          <i
            class="fa fa-heart fa-2x"
            data-testid="love"
          />
          <span
            class="article--reaction__love-count"
          >
            20
          </span>
        </div>
      </span>
    </div>
  </body>,
  "container": <div>
    <span
      class="justify-content__start"
    >
      <div
        class="article--reaction__love"
      >
        <i
          class="fa fa-heart fa-2x"
          data-testid="love"
        />
        <span
          class="article--reaction__love-count"
        >
          20
        </span>
      </div>
    </span>
  </div>,
  "debug": [Function],
  "getAllByAltText": [Function],
  "getAllByLabelText": [Function],
  "getAllByPlaceholderText": [Function],
  "getAllByRole": [Function],
  "getAllBySelectText": [Function],
  "getAllByTestId": [Function],
  "getAllByText": [Function],
  "getAllByTitle": [Function],
  "getAllByValue": [Function],
  "getByAltText": [Function],
  "getByLabelText": [Function],
  "getByPlaceholderText": [Function],
  "getByRole": [Function],
  "getBySelectText": [Function],
  "getByTestId": [Function],
  "getByText": [Function],
  "getByTitle": [Function],
  "getByValue": [Function],
  "queryAllByAltText": [Function],
  "queryAllByLabelText": [Function],
  "queryAllByPlaceholderText": [Function],
  "queryAllByRole": [Function],
  "queryAllBySelectText": [Function],
  "queryAllByTestId": [Function],
  "queryAllByText": [Function],
  "queryAllByTitle": [Function],
  "queryAllByValue": [Function],
  "queryByAltText": [Function],
  "queryByLabelText": [Function],
  "queryByPlaceholderText": [Function],
  "queryByRole": [Function],
  "queryBySelectText": [Function],
  "queryByTestId": [Function],
  "queryByText": [Function],
  "queryByTitle": [Function],
  "queryByValue": [Function],
  "rerender": [Function],
  "unmount": [Function],
}
`;
